// Jest Snapshot v1, https://goo.gl/fbAQLP

exports[`App Test that App renders 1`] = `
<div>
  <h1 />
  <br />
  <div>
    <h2>
      Related Products
    </h2>
    <h2>
      Your Outfit
    </h2>
    <div
      className="yourOutfitCard"
    >
      <div
        className="img"
        onClick={[Function]}
      >
        CLICK TO ADD TO YOUR OUTFIT
      </div>
      <div
        className="cardRating"
      >
        *****
      </div>
    </div>
  </div>
  <br />
  <div
    className="QnA"
  >
    <div
      id="QStart"
    >
      QUESTIONS & ANSWERS
    </div>
    <div
      className="form-div"
    >
      <form
        onSubmit={[Function]}
      >
        <input
          className="form-control form-group"
          onChange={[Function]}
          placeholder="HAVE A QUESTION? SEARCH FOR ANSWERS..."
          type="text"
        />
        <input
          className="btn btn-danger btn-block"
          type="submit"
          value="Submit"
        />
      </form>
    </div>
    <div
      className="QnA"
    >
      <button
        id="More-Answered-Questions"
      >
        MORE ANSWERED QUESTIONS
      </button>
      <button
        id="Add-Question"
      >
        ADD A QUESTION +
      </button>
    </div>
  </div>
  <br />
</div>
`;
